files/24.csv
id,week,center_id,meal_id,checkout_price,base_price,emailer_for_promotion,homepage_featured,num_orders
1038300,63,24,2956,631.53,629.53,0,0,15
1307494,64,24,2956,629.53,630.53,0,0,42
1194624,65,24,2956,630.53,630.53,0,0,13
1075664,66,24,2956,631.53,629.53,0,0,68
1403323,67,24,2956,630.53,631.53,0,0,41
1016289,69,24,2956,630.53,631.53,0,0,27
1001601,70,24,2956,629.53,630.53,0,0,68
1053851,71,24,2956,630.53,630.53,0,0,54
1183757,72,24,2956,630.53,631.53,0,0,123
1265324,73,24,2956,591.73,591.73,0,0,69
1213811,74,24,2956,581.03,582.03,0,0,26
1246022,75,24,2956,582.03,583.03,0,0,69
1191100,76,24,2956,585.91,585.91,0,0,161
1100388,77,24,2956,583.03,582.03,0,0,122
1366550,78,24,2956,583.03,582.03,0,0,27
1285598,79,24,2956,583.03,582.03,0,0,150
1394481,80,24,2956,583.03,582.03,0,0,95
1393873,81,24,2956,582.03,581.03,0,0,42
1325970,82,24,2956,583.03,581.03,0,0,176
1247362,83,24,2956,581.03,583.03,0,0,27
1478903,84,24,2956,588.85,588.85,0,0,123
1368298,85,24,2956,583.03,583.03,0,0,134
1246554,86,24,2956,583.03,583.03,0,0,107
1069488,87,24,2956,582.03,581.03,0,0,162
1324440,88,24,2956,581.03,581.03,0,0,161
1217997,89,24,2956,582.03,581.03,0,0,148
1055723,90,24,2956,585.88,585.88,0,0,134
1406995,91,24,2956,585.94,583.94,0,0,202
1497168,92,24,2956,582.03,582.03,0,0,108
1175121,93,24,2956,582.03,581.03,0,0,123
1340829,94,24,2956,581.03,582.03,0,0,122
1036164,95,24,2956,581.03,581.03,0,0,163
1370606,96,24,2956,583.03,583.03,0,0,108
1162153,97,24,2956,585.94,584.94,0,0,229
1131505,98,24,2956,583.03,583.03,0,0,150
1198986,99,24,2956,585.91,585.91,0,0,161
1303808,100,24,2956,484.03,584.91,0,0,189
1016112,101,24,2956,484.03,586.91,0,0,202
1274657,102,24,2956,574.27,575.27,0,0,176
1068879,103,24,2956,583.03,581.03,0,0,109
1154593,104,24,2956,581.03,581.03,0,0,134
1402120,105,24,2956,582.03,581.03,0,0,123
1052622,106,24,2956,582.03,583.03,0,0,109
1334013,107,24,2956,582.03,581.03,0,0,69
1141063,108,24,2956,581.03,583.03,0,0,162
1388239,109,24,2956,583.03,581.03,0,0,243
1402955,110,24,2956,582.03,583.03,0,0,94
1444877,111,24,2956,582.03,583.03,0,0,203
1440557,112,24,2956,581.03,583.03,0,0,256
1022747,113,24,2956,583.03,581.03,0,0,231
1005827,114,24,2956,581.03,583.03,0,0,204
1294410,115,24,2956,583.03,583.03,0,0,202
1297844,116,24,2956,581.03,582.03,0,0,150
1068231,117,24,2956,582.03,581.03,0,0,285
1456393,118,24,2956,585.94,584.94,0,0,256
1261761,119,24,2956,582.03,583.03,0,0,96
1206667,120,24,2956,581.03,581.03,0,0,229
1395203,121,24,2956,582.03,582.03,0,0,162
1004935,122,24,2956,583.03,582.03,0,0,40
1013378,123,24,2956,582.03,581.03,0,0,108
1099624,124,24,2956,583.03,582.03,0,0,136
1338222,125,24,2956,581.03,581.03,0,0,55
1148972,126,24,2956,623.71,624.71,0,0,122
1023905,127,24,2956,630.53,631.53,0,0,94
1374848,128,24,2956,629.53,630.53,0,0,26
1494294,129,24,2956,437.53,631.53,0,1,177
1181765,130,24,2956,437.53,630.53,1,0,257
1058318,131,24,2956,435.53,629.53,1,1,176
1430991,132,24,2956,435.53,629.53,0,1,203
1486791,133,24,2956,582.03,582.03,0,0,150
1050146,134,24,2956,582.03,583.03,0,0,81
1276920,135,24,2956,581.03,583.03,0,0,96
1348054,136,24,2956,582.03,583.03,0,0,122
1245032,137,24,2956,629.53,631.53,0,0,123
1499166,138,24,2956,630.53,629.53,0,0,122
1231018,139,24,2956,497.67,630.53,0,0,339
1145219,140,24,2956,484.03,629.53,0,0,177
1059391,141,24,2956,590.73,592.73,0,0,95
1330550,142,24,2956,591.73,591.73,0,0,148
1317118,143,24,2956,592.73,592.73,0,0,80
1338328,144,24,2956,590.73,591.73,0,0,135
1165246,145,24,2956,641.23,639.23,0,0,27
